

================================================================
== Vitis HLS Report for 'dataflow_in_loop_LOOP_S_entry18'
================================================================
* Date:           Tue Jan 18 00:11:36 2022

* Version:        2020.1 (Build 2902540 on Wed May 27 20:16:15 MDT 2020)
* Project:        Systolic_Array_PCNN_based
* Solution:       solution1 (Vivado IP Flow Target)
* Product family: virtexuplus
* Target device:  xcu200-fsgd2104-2-e


================================================================
== Performance Estimates
================================================================
+ Timing: 
    * Summary: 
    +--------+----------+----------+------------+
    |  Clock |  Target  | Estimated| Uncertainty|
    +--------+----------+----------+------------+
    |ap_clk  | 10.00 ns | 1.458 ns |   2.70 ns  |
    +--------+----------+----------+------------+

+ Latency: 
    * Summary: 
    +---------+---------+----------+----------+-----+-----+---------+
    |  Latency (cycles) |  Latency (absolute) |  Interval | Pipeline|
    |   min   |   max   |    min   |    max   | min | max |   Type  |
    +---------+---------+----------+----------+-----+-----+---------+
    |        0|        0|   0 ns   |   0 ns   |    0|    0|   none  |
    +---------+---------+----------+----------+-----+-----+---------+

    + Detail: 
        * Instance: 
        N/A

        * Loop: 
        N/A



================================================================
== Utilization Estimates
================================================================
* Summary: 
+---------------------+---------+------+---------+---------+-----+
|         Name        | BRAM_18K|  DSP |    FF   |   LUT   | URAM|
+---------------------+---------+------+---------+---------+-----+
|DSP                  |        -|     -|        -|        -|    -|
|Expression           |        -|     -|        0|        2|    -|
|FIFO                 |        -|     -|        -|        -|    -|
|Instance             |        -|     -|        -|        -|    -|
|Memory               |        -|     -|        -|        -|    -|
|Multiplexer          |        -|     -|        -|      117|    -|
|Register             |        -|     -|        2|        -|    -|
+---------------------+---------+------+---------+---------+-----+
|Total                |        0|     0|        2|      119|    0|
+---------------------+---------+------+---------+---------+-----+
|Available SLR        |     1440|  2280|   788160|   394080|  320|
+---------------------+---------+------+---------+---------+-----+
|Utilization SLR (%)  |        0|     0|    ~0   |    ~0   |    0|
+---------------------+---------+------+---------+---------+-----+
|Available            |     4320|  6840|  2364480|  1182240|  960|
+---------------------+---------+------+---------+---------+-----+
|Utilization (%)      |        0|     0|    ~0   |    ~0   |    0|
+---------------------+---------+------+---------+---------+-----+

+ Detail: 
    * Instance: 
    N/A

    * DSP: 
    N/A

    * Memory: 
    N/A

    * FIFO: 
    N/A

    * Expression: 
    +-----------------+----------+----+---+----+------------+------------+
    |  Variable Name  | Operation| DSP| FF| LUT| Bitwidth P0| Bitwidth P1|
    +-----------------+----------+----+---+----+------------+------------+
    |ap_block_state1  |    or    |   0|  0|   2|           1|           1|
    +-----------------+----------+----+---+----+------------+------------+
    |Total            |          |   0|  0|   2|           1|           1|
    +-----------------+----------+----+---+----+------------+------------+

    * Multiplexer: 
    +-----------------+----+-----------+-----+-----------+
    |       Name      | LUT| Input Size| Bits| Total Bits|
    +-----------------+----+-----------+-----+-----------+
    |ap_done          |   9|          2|    1|          2|
    |co_1_out2_blk_n  |   9|          2|    1|          2|
    |co_1_out_blk_n   |   9|          2|    1|          2|
    |ko_2_out_blk_n   |   9|          2|    1|          2|
    |p_out1_blk_n     |   9|          2|    1|          2|
    |p_out5_blk_n     |   9|          2|    1|          2|
    |p_out6_blk_n     |   9|          2|    1|          2|
    |p_out7_blk_n     |   9|          2|    1|          2|
    |p_out_blk_n      |   9|          2|    1|          2|
    |r_out3_blk_n     |   9|          2|    1|          2|
    |r_out_blk_n      |   9|          2|    1|          2|
    |s_out4_blk_n     |   9|          2|    1|          2|
    |s_out_blk_n      |   9|          2|    1|          2|
    +-----------------+----+-----------+-----+-----------+
    |Total            | 117|         26|   13|         26|
    +-----------------+----+-----------+-----+-----------+

    * Register: 
    +-------------+---+----+-----+-----------+
    |     Name    | FF| LUT| Bits| Const Bits|
    +-------------+---+----+-----+-----------+
    |ap_CS_fsm    |  1|   0|    1|          0|
    |ap_done_reg  |  1|   0|    1|          0|
    +-------------+---+----+-----+-----------+
    |Total        |  2|   0|    2|          0|
    +-------------+---+----+-----+-----------+



================================================================
== Interface
================================================================
* Summary: 
+------------------+-----+-----+------------+---------------------------------+--------------+
|     RTL Ports    | Dir | Bits|  Protocol  |          Source Object          |    C Type    |
+------------------+-----+-----+------------+---------------------------------+--------------+
|ap_clk            |  in |    1| ap_ctrl_hs | dataflow_in_loop_LOOP_S.entry18 | return value |
|ap_rst            |  in |    1| ap_ctrl_hs | dataflow_in_loop_LOOP_S.entry18 | return value |
|ap_start          |  in |    1| ap_ctrl_hs | dataflow_in_loop_LOOP_S.entry18 | return value |
|ap_done           | out |    1| ap_ctrl_hs | dataflow_in_loop_LOOP_S.entry18 | return value |
|ap_continue       |  in |    1| ap_ctrl_hs | dataflow_in_loop_LOOP_S.entry18 | return value |
|ap_idle           | out |    1| ap_ctrl_hs | dataflow_in_loop_LOOP_S.entry18 | return value |
|ap_ready          | out |    1| ap_ctrl_hs | dataflow_in_loop_LOOP_S.entry18 | return value |
|p_read            |  in |    9|   ap_none  |              p_read             |    scalar    |
|p_read1           |  in |    9|   ap_none  |             p_read1             |    scalar    |
|ko_2              |  in |    9|   ap_none  |               ko_2              |    scalar    |
|co_1              |  in |   10|   ap_none  |               co_1              |    scalar    |
|r                 |  in |   32|   ap_none  |                r                |    scalar    |
|s                 |  in |   32|   ap_none  |                s                |    scalar    |
|p_read2           |  in |   32|   ap_none  |             p_read2             |    scalar    |
|p_read3           |  in |   10|   ap_none  |             p_read3             |    scalar    |
|p_out_din         | out |    9|   ap_fifo  |              p_out              |    pointer   |
|p_out_full_n      |  in |    1|   ap_fifo  |              p_out              |    pointer   |
|p_out_write       | out |    1|   ap_fifo  |              p_out              |    pointer   |
|p_out1_din        | out |    9|   ap_fifo  |              p_out1             |    pointer   |
|p_out1_full_n     |  in |    1|   ap_fifo  |              p_out1             |    pointer   |
|p_out1_write      | out |    1|   ap_fifo  |              p_out1             |    pointer   |
|ko_2_out_din      | out |    9|   ap_fifo  |             ko_2_out            |    pointer   |
|ko_2_out_full_n   |  in |    1|   ap_fifo  |             ko_2_out            |    pointer   |
|ko_2_out_write    | out |    1|   ap_fifo  |             ko_2_out            |    pointer   |
|co_1_out_din      | out |    7|   ap_fifo  |             co_1_out            |    pointer   |
|co_1_out_full_n   |  in |    1|   ap_fifo  |             co_1_out            |    pointer   |
|co_1_out_write    | out |    1|   ap_fifo  |             co_1_out            |    pointer   |
|co_1_out2_din     | out |   10|   ap_fifo  |            co_1_out2            |    pointer   |
|co_1_out2_full_n  |  in |    1|   ap_fifo  |            co_1_out2            |    pointer   |
|co_1_out2_write   | out |    1|   ap_fifo  |            co_1_out2            |    pointer   |
|r_out_din         | out |   32|   ap_fifo  |              r_out              |    pointer   |
|r_out_full_n      |  in |    1|   ap_fifo  |              r_out              |    pointer   |
|r_out_write       | out |    1|   ap_fifo  |              r_out              |    pointer   |
|r_out3_din        | out |   10|   ap_fifo  |              r_out3             |    pointer   |
|r_out3_full_n     |  in |    1|   ap_fifo  |              r_out3             |    pointer   |
|r_out3_write      | out |    1|   ap_fifo  |              r_out3             |    pointer   |
|s_out_din         | out |   32|   ap_fifo  |              s_out              |    pointer   |
|s_out_full_n      |  in |    1|   ap_fifo  |              s_out              |    pointer   |
|s_out_write       | out |    1|   ap_fifo  |              s_out              |    pointer   |
|s_out4_din        | out |   10|   ap_fifo  |              s_out4             |    pointer   |
|s_out4_full_n     |  in |    1|   ap_fifo  |              s_out4             |    pointer   |
|s_out4_write      | out |    1|   ap_fifo  |              s_out4             |    pointer   |
|p_out5_din        | out |   32|   ap_fifo  |              p_out5             |    pointer   |
|p_out5_full_n     |  in |    1|   ap_fifo  |              p_out5             |    pointer   |
|p_out5_write      | out |    1|   ap_fifo  |              p_out5             |    pointer   |
|p_out6_din        | out |   32|   ap_fifo  |              p_out6             |    pointer   |
|p_out6_full_n     |  in |    1|   ap_fifo  |              p_out6             |    pointer   |
|p_out6_write      | out |    1|   ap_fifo  |              p_out6             |    pointer   |
|p_out7_din        | out |   10|   ap_fifo  |              p_out7             |    pointer   |
|p_out7_full_n     |  in |    1|   ap_fifo  |              p_out7             |    pointer   |
|p_out7_write      | out |    1|   ap_fifo  |              p_out7             |    pointer   |
+------------------+-----+-----+------------+---------------------------------+--------------+

